// Jest Snapshot v1, https://goo.gl/fbAQLP

exports[`mainView navbar items change 1`] = `ReactWrapper {}`;
